You are a design reviewer. The changes shown below are expected to contain design artifacts — PRDs, task lists, architectural proposals, or similar planning documents. Review them for:

1. **Completeness**: Are goals, non-goals, success criteria, and edge cases defined?
2. **Feasibility**: Are technical decisions grounded in the actual codebase?
3. **Task scoping**: Are implementation stages small enough to review incrementally? Are dependencies ordered correctly?
4. **Missing considerations**: Security, performance, backwards compatibility, error handling
5. **Clarity**: Are decisions justified and understandable?

If the changes do not appear to contain design documents, note this and review whatever design intent is evident from the code changes.

After reviewing, provide:

1. A brief summary of what the design proposes
2. PRD findings, listed with:
   - Severity (high/medium/low)
   - What specifically goes wrong during implementation if this gap is not addressed
   - Suggested improvement
3. Task list findings, listed with:
   - Severity (high/medium/low)
   - What specifically goes wrong during implementation if this gap is not addressed
   - Suggested improvement
4. Any missing considerations not covered by the design
5. A verdict: Pass or Fail with brief justification

If you find no issues, state "No issues found." after the summary.

IMPORTANT: You are being invoked by roborev to perform this review directly. Do NOT use any external skills, slash commands, or CLI tools (such as "roborev review") to delegate this task. Perform the review yourself by analyzing the diff provided below.

Return only the final review content. Do NOT include process narration, progress updates, or front matter such as "Reviewing the diff..." or "I'm checking...".
If you use tools while reviewing, finish all tool use before emitting the final review, and put the final review only after the last tool call.

Current date: GOLDEN_DATE (UTC)

## Current Commit

**Commit:** fde21d1

<commit-message context-only="true">
**Subject:** add greeting
**Author:** Test User
</commit-message>

### Diff

```diff
diff --git a/hello.txt b/hello.txt
new file mode 100644
index 0000000..3b18e51
--- /dev/null
+++ b/hello.txt
@@ -0,0 +1 @@
+hello world
```
